C:\Users\CSE_SDPL\AppData\Roaming\Python\Python312\site-packages\torch\jit\_script.py:1491: FutureWarning: `torch.jit.script` is deprecated. Please switch to `torch.compile` or `torch.export`.
  warnings.warn(
step    0  R=-0.000  valid=91%  C=0.867  scaf=0.83  tan=0.914  tpsa=-0.37sd/0.56x  kl=0.0042
step   10  R=+0.000  valid=89%  C=0.909  scaf=0.85  tan=0.915  tpsa=-0.52sd/0.60x  kl=0.0258
step   20  R=-0.000  valid=95%  C=0.880  scaf=0.81  tan=0.889  tpsa=-0.46sd/0.49x  kl=0.0367
step   30  R=-0.000  valid=92%  C=0.885  scaf=0.88  tan=0.904  tpsa=-0.55sd/0.43x  kl=0.0381
step   40  R=+0.000  valid=94%  C=0.890  scaf=0.78  tan=0.905  tpsa=-0.37sd/0.56x  kl=0.0324
step   50  R=-0.000  valid=95%  C=0.893  scaf=0.83  tan=0.895  tpsa=-0.45sd/0.56x  kl=0.0361
step   60  R=+0.000  valid=92%  C=0.895  scaf=0.77  tan=0.904  tpsa=-0.51sd/0.51x  kl=0.0354
step   70  R=+0.000  valid=94%  C=0.860  scaf=0.78  tan=0.906  tpsa=-0.27sd/0.51x  kl=0.0421
step   80  R=+0.000  valid=91%  C=0.860  scaf=0.77  tan=0.897  tpsa=-0.56sd/0.50x  kl=0.0453
step   90  R=+0.000  valid=98%  C=0.899  scaf=0.84  tan=0.891  tpsa=-0.50sd/0.46x  kl=0.0434
step  100  R=+0.000  valid=89%  C=0.883  scaf=0.84  tan=0.903  tpsa=-0.45sd/0.72x  kl=0.0426
step  110  R=+0.000  valid=95%  C=0.865  scaf=0.81  tan=0.903  tpsa=-0.43sd/0.43x  kl=0.0473
step  120  R=+0.000  valid=98%  C=0.879  scaf=0.78  tan=0.902  tpsa=-0.40sd/0.57x  kl=0.0519
step  130  R=+0.000  valid=94%  C=0.881  scaf=0.78  tan=0.905  tpsa=-0.49sd/0.49x  kl=0.0477
step  140  R=+0.000  valid=92%  C=0.906  scaf=0.83  tan=0.894  tpsa=-0.53sd/0.41x  kl=0.0523
step  150  R=-0.000  valid=97%  C=0.849  scaf=0.83  tan=0.900  tpsa=-0.40sd/0.56x  kl=0.0551
step  160  R=-0.000  valid=97%  C=0.883  scaf=0.81  tan=0.906  tpsa=-0.44sd/0.58x  kl=0.0389
step  170  R=+0.000  valid=97%  C=0.868  scaf=0.79  tan=0.902  tpsa=-0.40sd/0.58x  kl=0.0467
step  180  R=+0.000  valid=94%  C=0.885  scaf=0.67  tan=0.897  tpsa=-0.55sd/0.46x  kl=0.0523
step  190  R=-0.000  valid=95%  C=0.886  scaf=0.88  tan=0.898  tpsa=-0.46sd/0.59x  kl=0.0427
step  199  R=+0.000  valid=94%  C=0.883  scaf=0.80  tan=0.908  tpsa=-0.50sd/0.50x  kl=0.0484

wrote results\pareto_arm\nsga2\seed3  (200/200 valid samples)
