C:\Users\CSE_SDPL\AppData\Roaming\Python\Python312\site-packages\torch\jit\_script.py:1491: FutureWarning: `torch.jit.script` is deprecated. Please switch to `torch.compile` or `torch.export`.
  warnings.warn(
step    0  R=+1.149  valid=91%  C=0.811  scaf=0.78  tan=0.921  tpsa=-0.15sd/0.55x  kl=0.0031
step   10  R=+1.294  valid=91%  C=0.905  scaf=0.72  tan=0.904  tpsa=-0.47sd/0.61x  kl=0.0411
step   20  R=+1.424  valid=97%  C=0.907  scaf=0.78  tan=0.892  tpsa=-0.57sd/0.41x  kl=0.0458
step   30  R=+1.438  valid=95%  C=0.884  scaf=0.78  tan=0.903  tpsa=-0.51sd/0.46x  kl=0.0466
step   40  R=+1.547  valid=98%  C=0.877  scaf=0.94  tan=0.891  tpsa=-0.33sd/0.53x  kl=0.0505
step   50  R=+1.603  valid=97%  C=0.891  scaf=0.89  tan=0.900  tpsa=-0.40sd/0.57x  kl=0.0448
step   60  R=+1.702  valid=94%  C=0.928  scaf=0.78  tan=0.873  tpsa=-0.65sd/0.40x  kl=0.0766
step   70  R=+1.748  valid=92%  C=0.915  scaf=0.79  tan=0.902  tpsa=-0.64sd/0.37x  kl=0.0500
step   80  R=+1.895  valid=95%  C=0.910  scaf=0.86  tan=0.882  tpsa=-0.54sd/0.41x  kl=0.0607
step   90  R=+1.971  valid=97%  C=0.905  scaf=0.77  tan=0.891  tpsa=-0.64sd/0.43x  kl=0.0545
step  100  R=+2.035  valid=94%  C=0.930  scaf=0.80  tan=0.888  tpsa=-0.59sd/0.41x  kl=0.0694
step  110  R=+2.067  valid=95%  C=0.923  scaf=0.73  tan=0.892  tpsa=-0.54sd/0.45x  kl=0.0641
step  120  R=+2.094  valid=97%  C=0.920  scaf=0.86  tan=0.882  tpsa=-0.57sd/0.47x  kl=0.0680
step  130  R=+2.109  valid=97%  C=0.915  scaf=0.84  tan=0.876  tpsa=-0.67sd/0.42x  kl=0.0663
step  140  R=+2.096  valid=97%  C=0.935  scaf=0.81  tan=0.895  tpsa=-0.56sd/0.40x  kl=0.0587
step  150  R=+2.042  valid=94%  C=0.933  scaf=0.88  tan=0.888  tpsa=-0.67sd/0.36x  kl=0.0783
step  160  R=+2.086  valid=97%  C=0.915  scaf=0.86  tan=0.893  tpsa=-0.58sd/0.43x  kl=0.0698
step  170  R=+2.034  valid=94%  C=0.930  scaf=0.84  tan=0.890  tpsa=-0.41sd/0.60x  kl=0.0700
step  180  R=+2.026  valid=95%  C=0.923  scaf=0.83  tan=0.896  tpsa=-0.58sd/0.51x  kl=0.0747
step  190  R=+2.216  valid=100%  C=0.922  scaf=0.86  tan=0.873  tpsa=-0.69sd/0.44x  kl=0.0718
step  199  R=+2.050  valid=95%  C=0.918  scaf=0.73  tan=0.891  tpsa=-0.62sd/0.47x  kl=0.0662

wrote results\factorial\mle_withC\seed1  (199/200 valid samples)
